[DEBUG] Program starting...
[DEBUG] Arguments validated...
[INFO] Using observation config: /srv/sonic/ultimate-bots-G1/exports/v3/realready/final/onnx/observation_config.yaml
[INFO] Using encoder file: /srv/sonic/ultimate-bots-G1/exports/v3/realready/final/onnx/model_step_000100_encoder.onnx
[INFO] Using input type: keyboard
[INFO] Using output type: zmq
[INFO] CRC checking disabled for MuJoCo simulation
[INFO] CSV logging enabled
[INFO] Using logs directory: /srv/sonic/ultimate-bots-G1/exports/v3/realready/final/sim2sim_matrix/run_02/logs
[DEBUG] Creating G1Deploy object...
1786752148.973088 [0] g1_deploy_: selected interface "lo" is not multicast-capable: disabling multicast
Reading motion data from CSV files in: reference/s_batido_v3_realready
Found 1 motion folders
✓ Loaded s_batido_v3_recovery_sonic (181 timesteps)
✓ Motion data loaded successfully!
Started with motion: s_batido_v3_recovery_sonic (paused at frame 0)
Loading policy model...
hash value in file 9588001316cda7321161b3769c9edbb90462a52b97bc9848a603a6c10f4194c4
hash of onnx/gpu type 9588001316cda7321161b3769c9edbb90462a52b97bc9848a603a6c10f4194c4
INFO [/srv/sonic/GR00T-WholeBodyControl/gear_sonic_deploy/src/TRTInference/InferenceEngine.cpp(35)]: Loaded engine size: 39 MiB
INFO [/srv/sonic/GR00T-WholeBodyControl/gear_sonic_deploy/src/TRTInference/InferenceEngine.cpp(35)]: [MemUsageChange] TensorRT-managed allocation in IExecutionContext creation: CPU +0, GPU +0, now: CPU 0, GPU 38 (MiB)
INFO [/srv/sonic/GR00T-WholeBodyControl/gear_sonic_deploy/src/TRTInference/InferenceEngine.cpp(476)]: INPUT Tensor: obs_dict [1, 994]. 994 elements of type FLOAT
INFO [/srv/sonic/GR00T-WholeBodyControl/gear_sonic_deploy/src/TRTInference/InferenceEngine.cpp(476)]: OUTPUT Tensor: action [1, 29]. 29 elements of type FLOAT
✓ Successfully converted ONNX to TRT: /srv/sonic/ultimate-bots-G1/exports/v3/realready/final/onnx/policy_model_step_000100_decoder.trt
✓ Policy engine initialized successfully!
  Model: /srv/sonic/ultimate-bots-G1/exports/v3/realready/final/onnx/model_step_000100_decoder.onnx
  Input dimension: 994
  Action dimension: 29
  Input tensor: obs_dict
  Output tensor: action
  Precision: FP32
Capturing control policy CUDA graph...
✓ Control policy CUDA graph captured successfully!
✓ Policy model loaded successfully!
Loading observation configuration...
Using observation config file: /srv/sonic/ultimate-bots-G1/exports/v3/realready/final/onnx/observation_config.yaml
Parsing observation config file: /srv/sonic/ultimate-bots-G1/exports/v3/realready/final/onnx/observation_config.yaml
Found observations section at line 9
  Parsed observation: token_state -> enabled
  Parsed observation: his_base_angular_velocity_10frame_step1 -> enabled
  Parsed observation: his_body_joint_positions_10frame_step1 -> enabled
  Parsed observation: his_body_joint_velocities_10frame_step1 -> enabled
  Parsed observation: his_last_actions_10frame_step1 -> enabled
  Parsed observation: his_gravity_dir_10frame_step1 -> enabled
Found encoder section at line 23
  Encoder dimension: 64
  Encoder use_fp16: false
  Found encoder_observations subsection
    Encoder obs: encoder_mode_4 -> enabled
    Encoder obs: motion_joint_positions_10frame_step5 -> enabled
    Encoder obs: motion_joint_velocities_10frame_step5 -> enabled
    Encoder obs: motion_anchor_orientation_heading_10frame_step5 -> enabled
    Encoder obs: motion_anchor_orientation_heading -> enabled
    Encoder obs: motion_joint_positions_lowerbody_10frame_step5 -> enabled
    Encoder obs: motion_joint_velocities_lowerbody_10frame_step5 -> enabled
    Encoder obs: vr_3point_local_target -> enabled
    Encoder obs: vr_3point_local_orn_target -> enabled
    Encoder obs: smpl_joints_10frame_step1 -> enabled
    Encoder obs: smpl_anchor_orientation_heading_10frame_step1 -> enabled
    Encoder obs: motion_joint_positions_wrists_10frame_step1 -> enabled
  Found encoder_modes subsection (after encoder_observations)
    Found mode: g1
      Mode ID: 0
      Found required_observations for mode g1
        - encoder_mode_4
        - motion_joint_positions_10frame_step5
        - motion_joint_velocities_10frame_step5
        - motion_anchor_orientation_heading_10frame_step5
    Saved mode 'g1' with 4 observations
    Found mode: teleop
      Mode ID: 1
      Found required_observations for mode teleop
        - encoder_mode_4
        - motion_joint_positions_lowerbody_10frame_step5
        - motion_joint_velocities_lowerbody_10frame_step5
        - vr_3point_local_target
        - vr_3point_local_orn_target
        - motion_anchor_orientation_heading
    Saved mode 'teleop' with 6 observations
    Found mode: smpl
      Mode ID: 2
      Found required_observations for mode smpl
        - encoder_mode_4
        - smpl_joints_10frame_step1
        - smpl_anchor_orientation_heading_10frame_step1
        - motion_joint_positions_wrists_10frame_step1
    Saved mode 'smpl' with 4 observations
✓ Token state observation validated with encoder configuration
Successfully parsed 6 observations
Encoder config found with 12 input observations
✓ Token state buffer initialized (size: 64)
Initializing encoder...
Loading encoder model...
hash value in file 3449410c6564e0f5d5a9e631d28dfb5bc4bebcf36879375abb97a4d42999e16c
hash of onnx/gpu type 3449410c6564e0f5d5a9e631d28dfb5bc4bebcf36879375abb97a4d42999e16c
INFO [/srv/sonic/GR00T-WholeBodyControl/gear_sonic_deploy/src/TRTInference/InferenceEngine.cpp(35)]: Loaded engine size: 47 MiB
INFO [/srv/sonic/GR00T-WholeBodyControl/gear_sonic_deploy/src/TRTInference/InferenceEngine.cpp(35)]: [MS] Running engine with multi stream info
INFO [/srv/sonic/GR00T-WholeBodyControl/gear_sonic_deploy/src/TRTInference/InferenceEngine.cpp(35)]: [MS] Number of aux streams is 2
INFO [/srv/sonic/GR00T-WholeBodyControl/gear_sonic_deploy/src/TRTInference/InferenceEngine.cpp(35)]: [MS] Number of total worker streams is 3
INFO [/srv/sonic/GR00T-WholeBodyControl/gear_sonic_deploy/src/TRTInference/InferenceEngine.cpp(35)]: [MS] The main stream provided by execute/enqueue calls is the first worker stream
INFO [/srv/sonic/GR00T-WholeBodyControl/gear_sonic_deploy/src/TRTInference/InferenceEngine.cpp(35)]: [MemUsageChange] TensorRT-managed allocation in IExecutionContext creation: CPU +0, GPU +1, now: CPU 0, GPU 86 (MiB)
INFO [/srv/sonic/GR00T-WholeBodyControl/gear_sonic_deploy/src/TRTInference/InferenceEngine.cpp(476)]: INPUT Tensor: obs_dict [1, 1751]. 1751 elements of type FLOAT
INFO [/srv/sonic/GR00T-WholeBodyControl/gear_sonic_deploy/src/TRTInference/InferenceEngine.cpp(476)]: OUTPUT Tensor: encoded_tokens [1, 64]. 64 elements of type FLOAT
✓ Encoder initialized successfully!
  Model: /srv/sonic/ultimate-bots-G1/exports/v3/realready/final/onnx/model_step_000100_encoder.onnx
  Input dimension: 1751
  Token dimension: 64
  Input tensor: obs_dict
  Output tensor: encoded_tokens
Capturing encoder CUDA graph...
✓ Encoder CUDA graph captured successfully!
✓ Encoder model loaded successfully!
Setting encode_mode for 1 loaded reference motions...
  Motion 's_batido_v3_recovery_sonic' encode_mode set to: 0
Planner motion encode_mode set to: 0
Initializing encoder observations...
✓ Initialized 12 encoder observations (total dim: 1751)

=== Observation Configuration ===
Active policy observations (runtime order):
  1. token_state (64D) [offset: 0]
  2. his_base_angular_velocity_10frame_step1 (30D) [offset: 64]
  3. his_body_joint_positions_10frame_step1 (290D) [offset: 94]
  4. his_body_joint_velocities_10frame_step1 (290D) [offset: 384]
  5. his_last_actions_10frame_step1 (290D) [offset: 674]
  6. his_gravity_dir_10frame_step1 (30D) [offset: 964]

Policy Summary:
  Total dimension: 994
  Model dimension: 994
  ✓ Dimension match: Configuration is valid!

--- Encoder Observations ---
  1. encoder_mode_4 (4D) [offset: 0]
  2. motion_joint_positions_10frame_step5 (290D) [offset: 4]
  3. motion_joint_velocities_10frame_step5 (290D) [offset: 294]
  4. motion_anchor_orientation_heading_10frame_step5 (60D) [offset: 584]
  5. motion_anchor_orientation_heading (6D) [offset: 644]
  6. motion_joint_positions_lowerbody_10frame_step5 (120D) [offset: 650]
  7. motion_joint_velocities_lowerbody_10frame_step5 (120D) [offset: 770]
  8. vr_3point_local_target (9D) [offset: 890]
  9. vr_3point_local_orn_target (12D) [offset: 899]
  10. smpl_joints_10frame_step1 (720D) [offset: 911]
  11. smpl_anchor_orientation_heading_10frame_step1 (60D) [offset: 1631]
  12. motion_joint_positions_wrists_10frame_step1 (60D) [offset: 1691]

Encoder Summary:
  Total dimension: 1751
  Model dimension: 1751
  ✓ Dimension match: Encoder configuration is valid!
================================

[StateLogger] Metadata written to: /srv/sonic/ultimate-bots-G1/exports/v3/realready/final/sim2sim_matrix/run_02/logs/metadata.json
Initialized keyboard input interface (default)
  Initial encoder mode: 0
[INFO] Initial VR 3-point compliance: [0.5, 0.5, 0]
[INFO] Initial hand max close ratio: 1 (1.0 = full closure allowed, 0.2 = limited)
[INFO] Keyboard controls: g/h = left hand +/- 0.1, b/v = right hand +/- 0.1 (range: 0.01-0.5)
[INFO] Keyboard controls: x/c = hand max close ratio +/- 0.1 (range: 0.2-1.0)

┌─────────────────────────────────────────────────────────────────────────────┐
│  Compliance control: DISABLED                                               │
│  Policy does not observe 'vr_3point_compliance'.                            │
│  Keyboard controls (g/h/b/v) will be ignored for this policy.               │
│  To enable, use a compliance-aware policy that observes it natively.        │
└─────────────────────────────────────────────────────────────────────────────┘

Initializing realtime debug socket
Binding to port: 5557 and topic: g1_debug
[INFO] Realtime debug socket bound to port: 5557
[ZMQ Output DEBUG] ZMQOutputHandler initialized with topics: 'g1_debug' (combined state+viz), 'robot_config' (config)
Initialized ZMQ output interface
[ZMQ Output] Robot config cached (10 fields, 465 bytes)
Total output interfaces initialized: 1
[DEBUG] G1Deploy object created successfully!
Init Done
[Control] DEBUG: operator_state.start=true, transitioning to CONTROL state
Reset heading state to 0.747352, -7.78315e-06, 0.664428, 1.75529e-05
Reset delta heading to 0
Reset init reference data root rotation to current frame: 0.99888, -0.017432, -0.043974, -0.000767
**********************************************************
Reference motion name: s_batido_v3_recovery_sonic
**********************************************************
[Mode Filter] Switched to mode 'g1' (ID=0) with 4 required observations
Loop timing - LowState age: 5.226ms, Streaming data mean delay: 0ms, Streaming data std delay: 0ms, IMU age: 5.202ms, Obs: 236us, Policy: 63us, Obs 2 Motor Command: 299us, Post processing: 8us | HandCloseRatio: 1
Playing motion 0 from frame 0 to end (181 total frames)
Loop timing - LowState age: 3.175ms, Streaming data mean delay: 0ms, Streaming data std delay: 0ms, IMU age: 3.146ms, Obs: 351us, Policy: 74us, Obs 2 Motor Command: 425us, Post processing: 31us | HandCloseRatio: 1
Loop timing - LowState age: 1.898ms, Streaming data mean delay: 0ms, Streaming data std delay: 0ms, IMU age: 1.859ms, Obs: 323us, Policy: 64us, Obs 2 Motor Command: 387us, Post processing: 19us | HandCloseRatio: 1
Loop timing - LowState age: 4.975ms, Streaming data mean delay: 0ms, Streaming data std delay: 0ms, IMU age: 4.949ms, Obs: 243us, Policy: 62us, Obs 2 Motor Command: 305us, Post processing: 7us | HandCloseRatio: 1
Loop timing - LowState age: 3.025ms, Streaming data mean delay: 0ms, Streaming data std delay: 0ms, IMU age: 2.998ms, Obs: 311us, Policy: 67us, Obs 2 Motor Command: 378us, Post processing: 17us | HandCloseRatio: 1
______________________________________________________
Motion index: 0 : s_batido_v3_recovery_sonic completed.
______________________________________________________
Reset to frame 0.
Reset heading state to 0.854226, 0.0316596, -0.0731704, -0.513753
Reset delta heading to 0
Reset init reference data root rotation to current frame: 0.99888, -0.017432, -0.043974, -0.000767
**********************************************************
Reference motion name: s_batido_v3_recovery_sonic
**********************************************************
Loop timing - LowState age: 1.022ms, Streaming data mean delay: 0ms, Streaming data std delay: 0ms, IMU age: 1.022ms, Obs: 238us, Policy: 63us, Obs 2 Motor Command: 301us, Post processing: 8us | HandCloseRatio: 1
Loop timing - LowState age: 3.782ms, Streaming data mean delay: 0ms, Streaming data std delay: 0ms, IMU age: 3.756ms, Obs: 309us, Policy: 66us, Obs 2 Motor Command: 376us, Post processing: 17us | HandCloseRatio: 1
Loop timing - LowState age: 1.832ms, Streaming data mean delay: 0ms, Streaming data std delay: 0ms, IMU age: 1.799ms, Obs: 310us, Policy: 68us, Obs 2 Motor Command: 378us, Post processing: 17us | HandCloseRatio: 1
[DEBUG] Stopping G1Deploy...
Stop
[DEBUG] Waiting for cleanup...
[DEBUG] Program exiting normally...
