/opt/env_isaaclab/lib/python3.11/site-packages/transformers/hf_argparser.py:380: FutureWarning: The `PPOConfig` is now located in `trl.experimental`. Please update your imports to `from trl.experimental.ppo import PPOConfig`. The current import path will be removed and no longer supported in TRL 0.29. For more information, see https://github.com/huggingface/trl/issues/4223.
  obj = dtype(**inputs)
Setting seed: 0
[WARN][AppLauncher]: There are no arguments attached to the ArgumentParser object. If you have your own arguments, please load your own arguments before calling the `AppLauncher.add_app_launcher_args` method. This allows the method to check the validity of the arguments and perform checks for argument names.
[INFO][AppLauncher]: Using device: cuda:0
[INFO][AppLauncher]: Loading experience file: /opt/env_isaaclab/lib/python3.11/site-packages/isaaclab/apps/isaaclab.python.headless.kit
[2026-08-10 06:53:11,757][asyncio][DEBUG] - Using selector: EpollSelector
[2026-08-10 06:53:15,758][h5py._conv][DEBUG] - Creating converter from 7 to 5
[2026-08-10 06:53:15,760][h5py._conv][DEBUG] - Creating converter from 5 to 7
[2026-08-10 06:53:15,761][h5py._conv][DEBUG] - Creating converter from 7 to 5
[2026-08-10 06:53:15,762][h5py._conv][DEBUG] - Creating converter from 5 to 7
[2026-08-10 06:53:16,125][matplotlib][DEBUG] - matplotlib data path: /opt/env_isaaclab/lib/python3.11/site-packages/matplotlib/mpl-data
[2026-08-10 06:53:16,136][matplotlib][DEBUG] - CONFIGDIR=/root/.config/matplotlib
[2026-08-10 06:53:16,140][matplotlib][DEBUG] - interactive is False
[2026-08-10 06:53:16,141][matplotlib][DEBUG] - platform is linux
[2026-08-10 06:53:16,606][matplotlib][DEBUG] - CACHEDIR=/root/.cache/matplotlib
[2026-08-10 06:53:16,619][matplotlib.font_manager][DEBUG] - font search path [PosixPath('/opt/env_isaaclab/lib/python3.11/site-packages/matplotlib/mpl-data/fonts/ttf'), PosixPath('/opt/env_isaaclab/lib/python3.11/site-packages/matplotlib/mpl-data/fonts/afm'), PosixPath('/opt/env_isaaclab/lib/python3.11/site-packages/matplotlib/mpl-data/fonts/pdfcorefonts')]
[2026-08-10 06:53:16,903][matplotlib.font_manager][INFO] - generated new fontManager

|---------------------------------------------------------------------------------------------|
| Driver Version: 570.195.03    | Graphics API: Vulkan
|=============================================================================================|
| GPU | Name                             | Active | LDA | GPU Memory | Vendor-ID | LUID       |
|     |                                  |        |     |            | Device-ID | UUID       |
|     |                                  |        |     |            | Bus-ID    |            |
|---------------------------------------------------------------------------------------------|
| 0   | NVIDIA A40                       | Yes: 0 |     | 46068   MB | 10de      | 0          |
|     |                                  |        |     |            | 2235      | 7d131124.. |
|     |                                  |        |     |            | 53        |            |
|=============================================================================================|
| OS: 24.04.3 LTS (Noble Numbat) ubuntu, Version: 24.04.3, Kernel: 6.8.0-65-generic
| Processor: Intel(R) Xeon(R) Gold 6342 CPU @ 2.80GHz
| Bare Metal Cores: 48 | Bare Metal Logical Cores: 96
| Core Usage Quota: 7.65
|---------------------------------------------------------------------------------------------|
| Total Memory (MB): 47683 | Free Memory: 20890
| Total Page/Swap (MB): 0 | Free Page/Swap: 0
|---------------------------------------------------------------------------------------------|
[2026-08-10 06:53:19,616][filelock][DEBUG] - Attempting to release lock 136404544121040 on /tmp/isaaclab_app_launcher.lock
[2026-08-10 06:53:19,619][filelock][DEBUG] - Lock 136404544121040 released on /tmp/isaaclab_app_launcher.lock
[32m2026-08-10 06:53:19.719[0m | [1mINFO    [0m | [36m__main__[0m:[36mmain[0m:[36m309[0m - [1mSaving config file to logs_rl/TRL_G1_Track/s_batido_v2_smoke-20260810_065256[0m
saved meta: {'wandb_run': None, 'max_train_steps': 2}
[32m2026-08-10 06:53:25.332[0m | [1mINFO    [0m | [36mgear_sonic.utils.motion_lib.torch_humanoid_batch[0m:[36m<module>[0m:[36m40[0m - [1mUsing Humanoid Batch[0m
[DEBUG] Instantiated events: EventCfg(physics_material=None, add_joint_default_pos=None, add_hand_joint_default_pos=None, base_com=None, push_robot=EventTermCfg(func='gear_sonic.envs.manager_env.mdp:push_by_setting_velocity', params={'velocity_range': {'x': [-0.5, 0.5], 'y': [-0.5, 0.5], 'z': [-0.2, 0.2], 'roll': [-0.52, 0.52], 'pitch': [-0.52, 0.52], 'yaw': [-0.78, 0.78]}}, mode='interval', interval_range_s=[4.0, 6.0], is_global_time=False, min_step_count_between_reset=0), randomize_rigid_body_mass=None)
[DEBUG]   Event 'push_robot': EventTermCfg
Setting seed: 0
[INFO]: Base environment:
	Environment device    : cuda:0
	Environment seed      : 0
	Physics step-size     : 0.005
	Rendering step-size   : 0.02
	Environment step-size : 0.02
[INFO] Generating terrains randomly took : 29.485543 seconds
[2026-08-10 06:53:55,666][trimesh][DEBUG] - 2 items cleared from cache: ['face_normals', 'triangles']

|---------------------------------------------------------------------------------------------|
| Driver Version: 570.195.03    | Graphics API: Vulkan
|=============================================================================================|
| GPU | Name                             | Active | LDA | GPU Memory | Vendor-ID | LUID       |
|     |                                  |        |     |            | Device-ID | UUID       |
|     |                                  |        |     |            | Bus-ID    |            |
|---------------------------------------------------------------------------------------------|
| 0   | NVIDIA A40                       | Yes: 0 |     | 46068   MB | 10de      | 0          |
|     |                                  |        |     |            | 2235      | 7d131124.. |
|     |                                  |        |     |            | 53        |            |
|=============================================================================================|
| OS: 24.04.3 LTS (Noble Numbat) ubuntu, Version: 24.04.3, Kernel: 6.8.0-65-generic
| Processor: Intel(R) Xeon(R) Gold 6342 CPU @ 2.80GHz
| Bare Metal Cores: 48 | Bare Metal Logical Cores: 96
| Core Usage Quota: 7.65
|---------------------------------------------------------------------------------------------|
| Total Memory (MB): 47683 | Free Memory: 19986
| Total Page/Swap (MB): 0 | Free Page/Swap: 0
|---------------------------------------------------------------------------------------------|
[2026-08-10 06:54:04,138][AutoNode][DEBUG] - Defining data type 'any' as 'Any'
[2026-08-10 06:54:04,141][AutoNode][DEBUG] - Defining data type 'bool' as 'Bool' and array 'BoolArray
[2026-08-10 06:54:04,194][AutoNode][DEBUG] - Defining data type 'bundle' as 'Bundle'
[2026-08-10 06:54:04,197][AutoNode][DEBUG] - Defining data type 'colord[3]' as 'Color3d' and array 'Color3dArray
[2026-08-10 06:54:04,200][AutoNode][DEBUG] - Defining data type 'colorf[3]' as 'Color3f' and array 'Color3fArray
[2026-08-10 06:54:04,202][AutoNode][DEBUG] - Defining data type 'colorh[3]' as 'Color3h' and array 'Color3hArray
[2026-08-10 06:54:04,224][AutoNode][DEBUG] - Defining data type 'colord[4]' as 'Color4d' and array 'Color4dArray
[2026-08-10 06:54:04,227][AutoNode][DEBUG] - Defining data type 'colorf[4]' as 'Color4f' and array 'Color4fArray
[2026-08-10 06:54:04,230][AutoNode][DEBUG] - Defining data type 'colorh[4]' as 'Color4h' and array 'Color4hArray
[2026-08-10 06:54:04,232][AutoNode][DEBUG] - Defining data type 'double' as 'Double' and array 'DoubleArray
[2026-08-10 06:54:04,235][AutoNode][DEBUG] - Defining data type 'double[2]' as 'Double2' and array 'Double2Array
[2026-08-10 06:54:04,238][AutoNode][DEBUG] - Defining data type 'double[3]' as 'Double3' and array 'Double3Array
[2026-08-10 06:54:04,241][AutoNode][DEBUG] - Defining data type 'double[4]' as 'Double4' and array 'Double4Array
[2026-08-10 06:54:04,286][AutoNode][DEBUG] - Defining data type 'execution' as 'Execution'
[2026-08-10 06:54:04,289][AutoNode][DEBUG] - Defining data type 'float' as 'Float' and array 'FloatArray
[2026-08-10 06:54:04,292][AutoNode][DEBUG] - Defining data type 'float[2]' as 'Float2' and array 'Float2Array
[2026-08-10 06:54:04,295][AutoNode][DEBUG] - Defining data type 'float[3]' as 'Float3' and array 'Float3Array
[2026-08-10 06:54:04,298][AutoNode][DEBUG] - Defining data type 'float[4]' as 'Float4' and array 'Float4Array
[2026-08-10 06:54:04,301][AutoNode][DEBUG] - Defining data type 'frame[4]' as 'Frame' and array 'FrameArray
[2026-08-10 06:54:04,321][AutoNode][DEBUG] - Defining data type 'half' as 'Half' and array 'HalfArray
[2026-08-10 06:54:04,324][AutoNode][DEBUG] - Defining data type 'half[2]' as 'Half2' and array 'Half2Array
[2026-08-10 06:54:04,327][AutoNode][DEBUG] - Defining data type 'half[3]' as 'Half3' and array 'Half3Array
[2026-08-10 06:54:04,330][AutoNode][DEBUG] - Defining data type 'half[4]' as 'Half4' and array 'Half4Array
[2026-08-10 06:54:04,334][AutoNode][DEBUG] - Defining data type 'int' as 'Int' and array 'IntArray
[2026-08-10 06:54:04,338][AutoNode][DEBUG] - Defining data type 'int[2]' as 'Int2' and array 'Int2Array
[2026-08-10 06:54:04,341][AutoNode][DEBUG] - Defining data type 'int[3]' as 'Int3' and array 'Int3Array
[2026-08-10 06:54:04,345][AutoNode][DEBUG] - Defining data type 'int[4]' as 'Int4' and array 'Int4Array
[2026-08-10 06:54:04,348][AutoNode][DEBUG] - Defining data type 'int64' as 'Int64' and array 'Int64Array
[2026-08-10 06:54:04,351][AutoNode][DEBUG] - Defining data type 'matrixd[2]' as 'Matrix2d' and array 'Matrix2dArray
[2026-08-10 06:54:04,355][AutoNode][DEBUG] - Defining data type 'matrixd[3]' as 'Matrix3d' and array 'Matrix3dArray
[2026-08-10 06:54:04,359][AutoNode][DEBUG] - Defining data type 'matrixd[4]' as 'Matrix4d' and array 'Matrix4dArray
[2026-08-10 06:54:04,362][AutoNode][DEBUG] - Defining data type 'normald[3]' as 'Normal3d' and array 'Normal3dArray
[2026-08-10 06:54:04,366][AutoNode][DEBUG] - Defining data type 'normalf[3]' as 'Normal3f' and array 'Normal3fArray
[2026-08-10 06:54:04,368][AutoNode][DEBUG] - Defining data type 'normalh[3]' as 'Normal3h' and array 'Normal3hArray
[2026-08-10 06:54:04,371][AutoNode][DEBUG] - Defining data type 'objectId' as 'ObjectId' and array 'ObjectIdArray
[2026-08-10 06:54:04,375][AutoNode][DEBUG] - Defining data type 'path' as 'Path'
[2026-08-10 06:54:04,378][AutoNode][DEBUG] - Defining data type 'pointd[3]' as 'Point3d' and array 'Point3dArray
[2026-08-10 06:54:04,381][AutoNode][DEBUG] - Defining data type 'pointf[3]' as 'Point3f' and array 'Point3fArray
[2026-08-10 06:54:04,385][AutoNode][DEBUG] - Defining data type 'pointh[3]' as 'Point3h' and array 'Point3hArray
[2026-08-10 06:54:04,393][AutoNode][DEBUG] - Defining data type 'quatd[4]' as 'Quatd' and array 'QuatdArray
[2026-08-10 06:54:04,396][AutoNode][DEBUG] - Defining data type 'quatf[4]' as 'Quatf' and array 'QuatfArray
[2026-08-10 06:54:04,400][AutoNode][DEBUG] - Defining data type 'quath[4]' as 'Quath' and array 'QuathArray
[2026-08-10 06:54:04,418][AutoNode][DEBUG] - Defining data type 'string' as 'String'
[2026-08-10 06:54:04,422][AutoNode][DEBUG] - Defining data type 'target' as 'Target'
[2026-08-10 06:54:04,425][AutoNode][DEBUG] - Defining data type 'texcoordd[2]' as 'TexCoord2d' and array 'TexCoord2dArray
[2026-08-10 06:54:04,428][AutoNode][DEBUG] - Defining data type 'texcoordf[2]' as 'TexCoord2f' and array 'TexCoord2fArray
[2026-08-10 06:54:04,432][AutoNode][DEBUG] - Defining data type 'texcoordh[2]' as 'TexCoord2h' and array 'TexCoord2hArray
[2026-08-10 06:54:04,435][AutoNode][DEBUG] - Defining data type 'texcoordd[3]' as 'TexCoord3d' and array 'TexCoord3dArray
[2026-08-10 06:54:04,439][AutoNode][DEBUG] - Defining data type 'texcoordf[3]' as 'TexCoord3f' and array 'TexCoord3fArray
[2026-08-10 06:54:04,441][AutoNode][DEBUG] - Defining data type 'texcoordh[3]' as 'TexCoord3h' and array 'TexCoord3hArray
[2026-08-10 06:54:04,444][AutoNode][DEBUG] - Defining data type 'timecode' as 'Timecode' and array 'TimecodeArray
[2026-08-10 06:54:04,448][AutoNode][DEBUG] - Defining data type 'token' as 'Token' and array 'TokenArray
[2026-08-10 06:54:04,450][AutoNode][DEBUG] - Defining data type 'uchar' as 'UChar' and array 'UCharArray
[2026-08-10 06:54:04,454][AutoNode][DEBUG] - Defining data type 'uint' as 'UInt' and array 'UIntArray
[2026-08-10 06:54:04,457][AutoNode][DEBUG] - Defining data type 'uint64' as 'UInt64' and array 'UInt64Array
[2026-08-10 06:54:04,460][AutoNode][DEBUG] - Defining data type 'vectord[3]' as 'Vector3d' and array 'Vector3dArray
[2026-08-10 06:54:04,463][AutoNode][DEBUG] - Defining data type 'vectorf[3]' as 'Vector3f' and array 'Vector3fArray
[2026-08-10 06:54:04,466][AutoNode][DEBUG] - Defining data type 'vectorh[3]' as 'Vector3h' and array 'Vector3hArray
[INFO]: Time taken for scene creation : 44.578713 seconds
[INFO]: Scene manager:  <class InteractiveScene>
	Number of environments: 32
	Environment spacing   : 2.0
	Source prim name      : /World/envs/env_0
	Global prim paths     : []
	Replicate physics     : True
[INFO]: Starting the simulation. This may take a few seconds. Please wait...
[INFO]: Time taken for simulation start : 10.863511 seconds
[32m2026-08-10 06:54:22.562[0m | [1mINFO    [0m | [36mgear_sonic.utils.motion_lib.motion_lib_base[0m:[36m__init__[0m:[36m235[0m - [1mLoaded skeleton from gear_sonic/data/assets/robot_description/mjcf/g1_29dof_rev_1_0.xml[0m
[32m2026-08-10 06:54:22.563[0m | [1mINFO    [0m | [36mgear_sonic.utils.motion_lib.motion_lib_base[0m:[36m__init__[0m:[36m236[0m - [1mLoading motion data from /workspace/ultimate-bots-G1/data/motion_lib/s_batido_test.pkl...[0m
[32m2026-08-10 06:54:22.580[0m | [1mINFO    [0m | [36mgear_sonic.utils.motion_lib.motion_lib_base[0m:[36mload_data[0m:[36m472[0m - [1mLoaded 1 motions[0m
Loading Meshes ... ━━━━━━━━━━━━━━━━━━━━━━━━━━━━━━━━━━━━━━━━ 100% 0:00:01
Loading Geoms... ━━━━━━━━━━━━━━━━━━━━━━━━━━━━━━━━━━━━━━━━ 100% 0:00:00
[32m2026-08-10 06:54:24.270[0m | [1mINFO    [0m | [36mgear_sonic.utils.motion_lib.motion_lib_base[0m:[36mload_motions[0m:[36m1091[0m - [1mLoading 1 motions...[0m
[32m2026-08-10 06:54:24.272[0m | [1mINFO    [0m | [36mgear_sonic.utils.motion_lib.motion_lib_base[0m:[36mload_motions[0m:[36m1092[0m - [1mSampling motion: tensor([0], device='cuda:0'), ....[0m
[32m2026-08-10 06:54:24.273[0m | [1mINFO    [0m | [36mgear_sonic.utils.motion_lib.motion_lib_base[0m:[36mload_motions[0m:[36m1093[0m - [1mCurrent motion keys: ['s_batido_test_sonic'], ....[0m
[32m2026-08-10 06:54:24.275[0m | [1mINFO    [0m | [36mgear_sonic.utils.motion_lib.motion_lib_base[0m:[36mload_motions[0m:[36m1120[0m - [1mIncreased file descriptor limits from 2450/1048576 to 1048576/1048576[0m
[32m2026-08-10 06:54:24.483[0m | [1mINFO    [0m | [36mgear_sonic.utils.motion_lib.motion_lib_base[0m:[36mload_motions[0m:[36m1140[0m - [1mLoading motions with 1 jobs...[0m
Loading motions... ━━━━━━━━━━━━━━━━━━━━━━━━━━━━━━━━━━━━━━━━ 100% 0:00:00
Gathering results for non-navigation dataset... ━━━━━━━━━━━━━━━━━━━━━━━━━━━━━  
Processing motions... ━━━━━━━━━━━━━━━━━━━━━━━━━━━━━━━━━━━━━━━━ 100% 0:00:00
[32m2026-08-10 06:54:24.549[0m | [1mINFO    [0m | [36mgear_sonic.utils.motion_lib.motion_lib_base[0m:[36mload_motions[0m:[36m1577[0m - [1mLoaded 1 motions with a total length of 1.600s and 81 frames.[0m
[INFO] Command Manager:  <CommandManager> contains 1 active terms.
+----------------------------------+
|       Active Command Terms       |
+-------+--------+-----------------+
| Index | Name   |       Type      |
+-------+--------+-----------------+
|   0   | motion | TrackingCommand |
+-------+--------+-----------------+

[INFO] Event Manager:  <EventManager> contains 1 active terms.
+----------------------------------------------+
|    Active Event Terms in Mode: 'interval'    |
+-------+------------+-------------------------+
| Index | Name       | Interval time range (s) |
+-------+------------+-------------------------+
|   0   | push_robot |        [4.0, 6.0]       |
+-------+------------+-------------------------+

[INFO] Recorder Manager:  <RecorderManager> contains 0 active terms.
+---------------------+
| Active Recorder Terms |
+-----------+---------+
|   Index   | Name    |
+-----------+---------+
+-----------+---------+

[INFO] Action Manager:  <ActionManager> contains 1 active terms.
+------------------------------------+
|  Active Action Terms (shape: 29)   |
+--------+-------------+-------------+
| Index  | Name        |   Dimension |
+--------+-------------+-------------+
|   0    | joint_pos   |          29 |
+--------+-------------+-------------+

[INFO] Observation Manager: <ObservationManager> contains 3 groups.
+---------------------------------------------------------+
| Active Observation Terms in Group: 'policy' (shape: (930,)) |
+-------------+---------------------------+---------------+
|    Index    | Name                      |     Shape     |
+-------------+---------------------------+---------------+
|      0      | base_ang_vel              |     (30,)     |
|      1      | joint_pos                 |     (290,)    |
|      2      | joint_vel                 |     (290,)    |
|      3      | actions                   |     (290,)    |
|      4      | gravity_dir               |     (30,)     |
+-------------+---------------------------+---------------+
+------------------------------------------------------------+
| Active Observation Terms in Group: 'critic' (shape: (1645,)) |
+-----------+-----------------------------------+------------+
|   Index   | Name                              |   Shape    |
+-----------+-----------------------------------+------------+
|     0     | command_multi_future              |   (580,)   |
|     1     | motion_anchor_pos_b               |    (3,)    |
|     2     | motion_anchor_ori_b               |    (6,)    |
|     3     | body_pos                          |   (42,)    |
|     4     | body_ori                          |   (84,)    |
|     5     | base_lin_vel                      |   (30,)    |
|     6     | base_ang_vel                      |   (30,)    |
|     7     | joint_pos                         |   (290,)   |
|     8     | joint_vel                         |   (290,)   |
|     9     | actions                           |   (290,)   |
+-----------+-----------------------------------+------------+
+-----------------------------------------------------------+
|       Active Observation Terms in Group: 'tokenizer'      |
+-------+----------------------------------------+----------+
| Index | Name                                   |  Shape   |
+-------+----------------------------------------+----------+
|   0   | encoder_index                          |   (3,)   |
|   1   | command_multi_future_nonflat           | (10, 58) |
|   2   | command_z_multi_future_nonflat         | (10, 1)  |
|   3   | command_z                              |   (1,)   |
|   4   | motion_anchor_ori_b                    |   (6,)   |
|   5   | motion_anchor_ori_b_mf_nonflat         | (10, 6)  |
|   6   | command_multi_future_lower_body        |  (240,)  |
|   7   | vr_3point_local_target                 |   (9,)   |
|   8   | vr_3point_local_orn_target             |  (12,)   |
|   9   | smpl_joints_multi_future_local_nonflat | (10, 72) |
|   10  | smpl_root_ori_b_multi_future           | (10, 6)  |
|   11  | joint_pos_multi_future_wrist_for_smpl  | (10, 6)  |
+-------+----------------------------------------+----------+

[INFO] Termination Manager:  <TerminationManager> contains 3 active terms.
+------------------------------------+
|      Active Termination Terms      |
+-------+-----------------+----------+
| Index | Name            | Time Out |
+-------+-----------------+----------+
|   0   | time_out        |   True   |
|   1   | anchor_pos      |  False   |
|   2   | anchor_ori_full |  False   |
+-------+-----------------+----------+

[INFO] Reward Manager:  <RewardManager> contains 20 active terms.
+-----------------------------------------------------+
|                 Active Reward Terms                 |
+-------+----------------------------------+----------+
| Index | Name                             |   Weight |
+-------+----------------------------------+----------+
|   0   | tracking_anchor_pos              |      0.5 |
|   1   | tracking_anchor_ori              |      0.5 |
|   2   | tracking_relative_body_pos       |      1.0 |
|   3   | tracking_relative_body_ori       |      1.0 |
|   4   | tracking_body_linvel             |      1.0 |
|   5   | tracking_body_angvel             |      1.0 |
|   6   | action_rate_l2                   |     -0.1 |
|   7   | joint_limit                      |    -10.0 |
|   8   | undesired_contacts               |     -0.1 |
|   9   | anti_shake_ang_vel               |   -0.005 |
|   10  | tracking_vr_5point_local         |      2.0 |
|   11  | feet_acc                         | -2.5e-06 |
|   12  | support_contact                  |      0.5 |
|   13  | takeoff_contact                  |      0.5 |
|   14  | takeoff_pelvis_vertical_velocity |      2.0 |
|   15  | airborne_right_leg_position      |      2.0 |
|   16  | airborne_right_leg_orientation   |      1.0 |
|   17  | airborne_right_leg_joint_pose    |      1.0 |
|   18  | airborne_pelvis_orientation      |      1.0 |
|   19  | landing_pelvis_tracking          |      0.5 |
+-------+----------------------------------+----------+

[INFO] Curriculum Manager:  <CurriculumManager> contains 0 active terms.
+----------------------+
| Active Curriculum Terms |
+-----------+----------+
|   Index   | Name     |
+-----------+----------+
+-----------+----------+

[INFO]: Completed setting up the environment...
[32m2026-08-10 06:54:30.189[0m | [1mINFO    [0m | [36mgear_sonic.trl.modules.universal_token_modules[0m:[36m__init__[0m:[36m250[0m - [1mMotion Encoder and Quantizer initialized with embedding dim: 64 (num_tokens=2, token_dim=32)[0m
[32m2026-08-10 06:54:30.282[0m | [1mINFO    [0m | [36mgear_sonic.trl.modules.universal_token_modules[0m:[36m__init__[0m:[36m319[0m - [1mInitialized g1 encoder with input features: ['command_multi_future_nonflat', 'motion_anchor_ori_b_mf_nonflat'][0m
[32m2026-08-10 06:54:30.314[0m | [1mINFO    [0m | [36mgear_sonic.trl.modules.universal_token_modules[0m:[36m__init__[0m:[36m319[0m - [1mInitialized teleop encoder with input features: ['command_multi_future_lower_body', 'vr_3point_local_target', 'vr_3point_local_orn_target', 'motion_anchor_ori_b'][0m
[32m2026-08-10 06:54:30.367[0m | [1mINFO    [0m | [36mgear_sonic.trl.modules.universal_token_modules[0m:[36m__init__[0m:[36m319[0m - [1mInitialized smpl encoder with input features: ['smpl_joints_multi_future_local_nonflat', 'smpl_root_ori_b_multi_future', 'joint_pos_multi_future_wrist_for_smpl'][0m
[32m2026-08-10 06:54:30.462[0m | [1mINFO    [0m | [36mgear_sonic.trl.modules.universal_token_modules[0m:[36m__init__[0m:[36m409[0m - [1mInitialized g1_dyn decoder with input features: ['token_flattened', 'proprioception'] and output features: ['action'][0m
[32m2026-08-10 06:54:30.506[0m | [1mINFO    [0m | [36mgear_sonic.trl.modules.universal_token_modules[0m:[36m__init__[0m:[36m409[0m - [1mInitialized g1_kin decoder with input features: ['token'] and output features: ['command_multi_future_nonflat', 'motion_anchor_ori_b_mf_nonflat'][0m
RunningMeanStd:  (1645,)
Loading checkpoint from /workspace/ultimate-bots-G1/checkpoints/v1/s_batido_sonic_v1_step_002000.pt
Loaded checkpoint from step 2000
===training policy===
╭──────────────────────────────── Training Log ────────────────────────────────╮
│                         [1m Learning iteration 1  [0m                        │
│                                                                              │
│                        Computation: 129 steps/s (Collection: 4.847s,         │
│ Learning 1.075s)                                                             │
│              Mean action noise std: 0.39                                     │
│                       Mean entropy: 13.34251                                 │
│                       Mean rewards: 0.58962                                  │
│                        Mean length: 15.50000                                 │
│ Env/Episode_Reward/tracking_anchor_pos: 0.0068                               │
│ Env/Episode_Reward/tracking_anchor_ori: 0.0055                               │
│ Env/Episode_Reward/tracking_relative_body_pos: 0.0153                        │
│ Env/Episode_Reward/tracking_relative_body_ori: 0.0062                        │
│ Env/Episode_Reward/tracking_body_linvel: 0.0025                              │
│ Env/Episode_Reward/tracking_body_angvel: 0.0025                              │
│  Env/Episode_Reward/action_rate_l2: -0.0217                                  │
│     Env/Episode_Reward/joint_limit: -0.0011                                  │
│ Env/Episode_Reward/undesired_contacts: -0.0089                               │
│ Env/Episode_Reward/anti_shake_ang_vel: -0.0030                               │
│ Env/Episode_Reward/tracking_vr_5point_local: 0.0207                          │
│        Env/Episode_Reward/feet_acc: -0.0117                                  │
│ Env/Episode_Reward/support_contact: 0.0006                                   │
│ Env/Episode_Reward/takeoff_contact: 0.0012                                   │
│ Env/Episode_Reward/takeoff_pelvis_vertical_velocity: 0.0103                  │
│ Env/Episode_Reward/airborne_right_leg_position: 0.0060                       │
│ Env/Episode_Reward/airborne_right_leg_orientation: 0.0010                    │
│ Env/Episode_Reward/airborne_right_leg_joint_pose: 0.0019                     │
│ Env/Episode_Reward/airborne_pelvis_orientation: 0.0019                       │
│ Env/Episode_Reward/landing_pelvis_tracking: 0.0005                           │
│ Env/Metrics/motion/error_anchor_pos: 0.1678                                  │
│ Env/Metrics/motion/error_anchor_rot: 0.2271                                  │
│ Env/Metrics/motion/error_anchor_lin_vel: 0.9330                              │
│ Env/Metrics/motion/error_anchor_ang_vel: 1.6800                              │
│  Env/Metrics/motion/error_body_pos: 0.0847                                   │
│  Env/Metrics/motion/error_body_rot: 0.2892                                   │
│ Env/Metrics/motion/error_joint_pos: 0.1287                                   │
│ Env/Metrics/motion/error_joint_vel: 1.1713                                   │
│   Env/Episode_Termination/time_out: 0.0000                                   │
│ Env/Episode_Termination/anchor_pos: 0.0260                                   │
│ Env/Episode_Termination/anchor_ori_full: 0.0234                              │
│      Env/adp_samp/num_episodes_min: 1.3750                                   │
│      Env/adp_samp/num_episodes_max: 8.7675                                   │
│     Env/adp_samp/num_episodes_mean: 5.0712                                   │
│      Env/adp_samp/num_failures_min: 1.0000                                   │
│      Env/adp_samp/num_failures_max: 2.5833                                   │
│     Env/adp_samp/num_failures_mean: 1.7917                                   │
│      Env/adp_samp/failure_rate_min: 1.0000                                   │
│      Env/adp_samp/failure_rate_max: 1.0000                                   │
│     Env/adp_samp/failure_rate_mean: 1.0000                                   │
│              Env/adp_samp/prob_max: 0.6173                                   │
│              Env/adp_samp/prob_min: 0.3827                                   │
│             Env/adp_samp/prob_mean: 0.5000                                   │
│ Env/adp_samp/prob_max_over_uniform: 1.2346                                   │
│    Env/adp_samp/effective_num_bins: 1.8957                                   │
│ Env/adp_samp/num_concentrated_bins: 0.0000                                   │
│ Env/adp_samp/episodes_max_over_mean: 1.6693                                  │
│ Env/Metrics/motion/error_body_lin_vel: 1.6761                                │
│ Env/Metrics/motion/error_body_ang_vel: 3.8204                                │
│ ---------------------------------------------------------------------------- │
│ ----                                                                         │
│                     Total episodes: 32                                       │
│                    Total timesteps: 768                                      │
│                     Iteration time: 5.92s                                    │
│                         Total time: 5.92s                                    │
│                                ETA: 5.9s                                     │
│ Logging Directory: logs_rl/TRL_G1_Track/s_batido_v2_smoke-20260810_065256    │
╰──────────────────────────────────────────────────────────────────────────────╯╭──────────────────────────────── Training Log ────────────────────────────────╮
│                         [1m Learning iteration 2  [0m                        │
│                                                                              │
│                        Computation: 194 steps/s (Collection: 3.021s,         │
│ Learning 0.923s)                                                             │
│              Mean action noise std: 0.39                                     │
│                       Mean entropy: 13.34285                                 │
│                       Mean rewards: 1.59024                                  │
│                        Mean length: 23.00000                                 │
│ Env/Episode_Reward/tracking_anchor_pos: 0.0212                               │
│ Env/Episode_Reward/tracking_anchor_ori: 0.0226                               │
│ Env/Episode_Reward/tracking_relative_body_pos: 0.0532                        │
│ Env/Episode_Reward/tracking_relative_body_ori: 0.0296                        │
│ Env/Episode_Reward/tracking_body_linvel: 0.0227                              │
│ Env/Episode_Reward/tracking_body_angvel: 0.0155                              │
│  Env/Episode_Reward/action_rate_l2: -0.0667                                  │
│     Env/Episode_Reward/joint_limit: -0.0045                                  │
│ Env/Episode_Reward/undesired_contacts: -0.0317                               │
│ Env/Episode_Reward/anti_shake_ang_vel: -0.0058                               │
│ Env/Episode_Reward/tracking_vr_5point_local: 0.0935                          │
│        Env/Episode_Reward/feet_acc: -0.0109                                  │
│ Env/Episode_Reward/support_contact: 0.0014                                   │
│ Env/Episode_Reward/takeoff_contact: 0.0053                                   │
│ Env/Episode_Reward/takeoff_pelvis_vertical_velocity: 0.0269                  │
│ Env/Episode_Reward/airborne_right_leg_position: 0.0343                       │
│ Env/Episode_Reward/airborne_right_leg_orientation: 0.0121                    │
│ Env/Episode_Reward/airborne_right_leg_joint_pose: 0.0145                     │
│ Env/Episode_Reward/airborne_pelvis_orientation: 0.0126                       │
│ Env/Episode_Reward/landing_pelvis_tracking: 0.0001                           │
│ Env/Metrics/motion/error_anchor_pos: 0.2769                                  │
│ Env/Metrics/motion/error_anchor_rot: 0.3705                                  │
│ Env/Metrics/motion/error_anchor_lin_vel: 0.9580                              │
│ Env/Metrics/motion/error_anchor_ang_vel: 2.8790                              │
│  Env/Metrics/motion/error_body_pos: 0.1635                                   │
│  Env/Metrics/motion/error_body_rot: 0.4408                                   │
│ Env/Metrics/motion/error_joint_pos: 0.2194                                   │
│ Env/Metrics/motion/error_joint_vel: 2.3564                                   │
│ Env/Metrics/motion/error_body_lin_vel: 1.3070                                │
│ Env/Metrics/motion/error_body_ang_vel: 4.0094                                │
│   Env/Episode_Termination/time_out: 0.0000                                   │
│ Env/Episode_Termination/anchor_pos: 0.1250                                   │
│ Env/Episode_Termination/anchor_ori_full: 0.0807                              │
│      Env/adp_samp/num_episodes_min: 1.7527                                   │
│      Env/adp_samp/num_episodes_max: 23.8933                                  │
│     Env/adp_samp/num_episodes_mean: 12.8230                                  │
│      Env/adp_samp/num_failures_min: 1.0000                                   │
│      Env/adp_samp/num_failures_max: 7.7083                                   │
│     Env/adp_samp/num_failures_mean: 4.3542                                   │
│      Env/adp_samp/failure_rate_min: 0.3125                                   │
│      Env/adp_samp/failure_rate_max: 0.6327                                   │
│     Env/adp_samp/failure_rate_mean: 0.4726                                   │
│              Env/adp_samp/prob_max: 0.5379                                   │
│              Env/adp_samp/prob_min: 0.4621                                   │
│             Env/adp_samp/prob_mean: 0.5000                                   │
│ Env/adp_samp/prob_max_over_uniform: 1.0757                                   │
│    Env/adp_samp/effective_num_bins: 1.9886                                   │
│ Env/adp_samp/num_concentrated_bins: 0.0000                                   │
│ Env/adp_samp/episodes_max_over_mean: 1.8599                                  │
│ ---------------------------------------------------------------------------- │
│ ----                                                                         │
│                     Total episodes: 64                                       │
│                    Total timesteps: 1536                                     │
│                     Iteration time: 3.94s                                    │
│                         Total time: 9.87s                                    │
│                                ETA: 0.0s                                     │
│ Logging Directory: logs_rl/TRL_G1_Track/s_batido_v2_smoke-20260810_065256    │
╰──────────────────────────────────────────────────────────────────────────────╯