[OK] Architecture: x86_64
[OK] uv uv 0.12.4 (x86_64-unknown-linux-gnu)
[INFO] Installing uv-managed Python 3.10 (includes development headers) …
Downloading cpython-3.10.20-linux-x86_64-gnu (download) (28.1MiB)
 Downloaded cpython-3.10.20-linux-x86_64-gnu (download)
Installed Python 3.10.20 in 739ms
 + cpython-3.10.20-linux-x86_64-gnu (python3.10)
[OK] Using Python: /home/danniel/.local/share/uv/python/cpython-3.10-linux-x86_64-gnu/bin/python3.10
[INFO] Removing old .venv_sim (if present) …
[INFO] Creating .venv_sim with uv-managed Python 3.10 …
Using CPython 3.10.20 interpreter at: /home/danniel/.local/share/uv/python/cpython-3.10-linux-x86_64-gnu/bin/python3.10
Creating virtual environment at: .venv_sim
Activate with: source .venv_sim/bin/activate
[INFO] Installing gear_sonic[sim] …
Using Python 3.10.20 environment at: .venv_sim
Resolved 64 packages in 3.13s
   Building gear-sonic @ file:///srv/sonic/GR00T-WholeBodyControl/gear_sonic
Downloading nvidia-cuda-runtime (2.1MiB)
Downloading nvidia-cufile (1.2MiB)
Downloading sympy (6.0MiB)
Downloading nvidia-nccl-cu13 (196.4MiB)
Downloading torch (502.2MiB)
Downloading nvidia-cusolver (191.6MiB)
Downloading cuda-bindings (6.4MiB)
Downloading nvidia-cuda-cupti (10.2MiB)
Downloading cmeel-qhull (3.1MiB)
Downloading scipy (35.9MiB)
Downloading nvidia-cudnn-cu13 (349.2MiB)
Downloading networkx (1.6MiB)
Downloading numpy (17.4MiB)
Downloading nvidia-cusparselt-cu13 (162.3MiB)
Downloading nvidia-nvshmem-cu13 (57.6MiB)
Downloading nvidia-cufft (204.2MiB)
Downloading nvidia-cublas (403.5MiB)
Downloading nvidia-curand (56.8MiB)
Downloading nvidia-cusparse (139.2MiB)
Downloading nvidia-cuda-nvrtc (86.0MiB)
Downloading nvidia-nvjitlink (38.9MiB)
Downloading triton (188.4MiB)
Downloading cmeel-octomap (1.1MiB)
Downloading cmeel-zlib (1.0MiB)
Downloading cmeel-assimp (13.8MiB)
Downloading hpp-fcl (2.3MiB)
Downloading pin (5.9MiB)
Downloading cmeel-boost (33.1MiB)
Downloading eigenpy (4.5MiB)
Downloading mujoco (17.9MiB)
      Built gear-sonic @ file:///srv/sonic/GR00T-WholeBodyControl/gear_sonic
 Downloaded cmeel-zlib
 Downloaded nvidia-cufile
 Downloaded cmeel-octomap
 Downloaded nvidia-cuda-runtime
 Downloaded cmeel-qhull
 Downloaded hpp-fcl
 Downloaded networkx
 Downloaded cuda-bindings
 Downloaded eigenpy
 Downloaded nvidia-cuda-cupti
 Downloaded pin
 Downloaded sympy
 Downloaded cmeel-assimp
 Downloaded numpy
 Downloaded mujoco
 Downloaded nvidia-nvjitlink
 Downloaded scipy
 Downloaded nvidia-curand
 Downloaded nvidia-nvshmem-cu13
 Downloaded nvidia-cuda-nvrtc
 Downloaded nvidia-cusparse
 Downloaded nvidia-cusparselt-cu13
 Downloaded nvidia-nccl-cu13
 Downloaded nvidia-cusolver
 Downloaded nvidia-cufft
 Downloaded triton
 Downloaded nvidia-cudnn-cu13
 Downloaded nvidia-cublas
 Downloaded torch
 Downloaded cmeel-boost
Prepared 52 packages in 15.64s
Installed 64 packages in 170ms
 + absl-py==2.5.0
 + cmeel==0.60.1
 + cmeel-assimp==5.4.3.1
 + cmeel-boost==1.83.0
 + cmeel-console-bridge==1.0.2.3
 + cmeel-octomap==1.10.0
 + cmeel-qhull==8.0.2.1
 + cmeel-tinyxml==2.6.2.3
 + cmeel-urdfdom==3.1.1.1
 + cmeel-zlib==1.3.2
 + cuda-bindings==13.3.1
 + cuda-pathfinder==1.6.0
 + cuda-toolkit==13.0.3.0
 + docstring-parser==0.18.0
 + easydict==1.13
 + eigenpy==3.5.1
 + etils==1.13.0
 + filelock==3.32.3
 + fsspec==2026.7.0
 + gear-sonic==0.1.0 (from file:///srv/sonic/GR00T-WholeBodyControl/gear_sonic)
 + glfw==2.10.2
 + hpp-fcl==2.4.4
 + importlib-resources==7.1.0
 + jinja2==3.1.6
 + joblib==1.5.3
 + loguru==0.7.3
 + markupsafe==3.0.3
 + mpmath==1.3.0
 + msgpack==1.2.1
 + msgpack-numpy==0.4.8
 + mujoco==3.11.0
 + networkx==3.4.2
 + numpy==1.26.4
 + nvidia-cublas==13.1.1.3
 + nvidia-cuda-cupti==13.0.85
 + nvidia-cuda-nvrtc==13.0.88
 + nvidia-cuda-runtime==13.0.96
 + nvidia-cudnn-cu13==9.20.0.48
 + nvidia-cufft==12.0.0.61
 + nvidia-cufile==1.15.1.6
 + nvidia-curand==10.4.0.35
 + nvidia-cusolver==12.0.4.66
 + nvidia-cusparse==12.6.3.3
 + nvidia-cusparselt-cu13==0.8.1
 + nvidia-nccl-cu13==2.29.7
 + nvidia-nvjitlink==13.3.33
 + nvidia-nvshmem-cu13==3.4.5
 + nvidia-nvtx==13.0.85
 + opencv-python==4.11.0.86
 + pin==2.7.0
 + pyopengl==3.1.10
 + pyyaml==6.0.3
 + pyzmq==27.1.0
 + scipy==1.15.3
 + setuptools==84.0.0
 + sympy==1.14.0
 + tomli==2.4.1
 + torch==2.13.0
 + tqdm==4.70.0
 + triton==3.7.1
 + typeguard==4.6.0
 + typing-extensions==4.16.0
 + tyro==1.0.15
 + zipp==4.1.0
[INFO] Installing unitree_sdk2_python …
Using Python 3.10.20 environment at: .venv_sim
Resolved 11 packages in 761ms
   Building unitree-sdk2py @ file:///srv/sonic/GR00T-WholeBodyControl/external_dependencies/unitree_sdk2_python
Downloading cyclonedds (6.3MiB)
      Built unitree-sdk2py @ file:///srv/sonic/GR00T-WholeBodyControl/external_dependencies/unitree_sdk2_python
 Downloaded cyclonedds
Prepared 3 packages in 641ms
Installed 8 packages in 5ms
 + click==8.4.2
 + cyclonedds==0.10.2
 + markdown-it-py==4.2.0
 + mdurl==0.1.2
 + pygments==2.20.0
 + rich==15.0.0
 + rich-click==1.9.8
 + unitree-sdk2py==1.0.1 (from file:///srv/sonic/GR00T-WholeBodyControl/external_dependencies/unitree_sdk2_python)

══════════════════════════════════════════════════════════════
  Setup complete!  Activate the venv with:

    source .venv_sim/bin/activate

  You should see (gear_sonic_sim) in your prompt.

  Then run the MuJoCo simulator with:
    python gear_sonic/scripts/run_sim_loop.py
══════════════════════════════════════════════════════════════
