
By installing or using Omniverse Kit, I agree to the terms of NVIDIA OMNIVERSE LICENSE AGREEMENT (EULA)
in https://docs.omniverse.nvidia.com/platform/latest/common/NVIDIA_Omniverse_License_Agreement.html

Do you accept the EULA? (Yes/No): 2026-08-15 00:34:09.834 | WARNING  | gear_sonic.utils.config_utils:register_rl_resolvers:20 - Warning: Some resolvers already registered: resolver 'eval' is already registered
gear_sonic/eval_agent_trl.py:61: UserWarning: 
The version_base parameter is not specified.
Please specify a compatability version level, or None.
Will assume defaults for version 1.1
  @hydra.main(config_path="config", config_name="base_eval")
/srv/sonic/env_isaaclab/lib/python3.11/site-packages/hydra/_internal/hydra.py:119: UserWarning: Future Hydra versions will no longer change working directory at job runtime by default.
See https://hydra.cc/docs/1.2/upgrades/1.1_to_1.2/changes_to_job_working_dir/ for more information.
  ret = run_job(
The EULA was accepted.

[32m2026-08-15 00:34:10.069[0m | [1mINFO    [0m | [36m__main__[0m:[36mmain[0m:[36m90[0m - [1mLoading training config file from /srv/sonic/ultimate-bots-G1/exports/v3/robust/evaluations/realready_final_step_000100/contexts/hardware_nominal/config.yaml[0m
Setting seed: 0
[WARN][AppLauncher]: There are no arguments attached to the ArgumentParser object. If you have your own arguments, please load your own arguments before calling the `AppLauncher.add_app_launcher_args` method. This allows the method to check the validity of the arguments and perform checks for argument names.
[INFO][AppLauncher]: Using device: cuda
[INFO][AppLauncher]: Loading experience file: /srv/sonic/env_isaaclab/lib/python3.11/site-packages/isaaclab/apps/isaaclab.python.headless.kit
[2026-08-15 00:34:10,799][asyncio][DEBUG] - Using selector: EpollSelector
[2026-08-15 00:34:12,424][h5py._conv][DEBUG] - Creating converter from 7 to 5
[2026-08-15 00:34:12,424][h5py._conv][DEBUG] - Creating converter from 5 to 7
[2026-08-15 00:34:12,424][h5py._conv][DEBUG] - Creating converter from 7 to 5
[2026-08-15 00:34:12,425][h5py._conv][DEBUG] - Creating converter from 5 to 7
[2026-08-15 00:34:12,505][matplotlib][DEBUG] - matplotlib data path: /srv/sonic/env_isaaclab/lib/python3.11/site-packages/matplotlib/mpl-data
[2026-08-15 00:34:12,512][matplotlib][DEBUG] - CONFIGDIR=/home/danniel/.config/matplotlib
[2026-08-15 00:34:12,513][matplotlib][DEBUG] - interactive is False
[2026-08-15 00:34:12,514][matplotlib][DEBUG] - platform is linux
[2026-08-15 00:34:12,661][matplotlib][DEBUG] - CACHEDIR=/home/danniel/.cache/matplotlib
[2026-08-15 00:34:12,664][matplotlib.font_manager][DEBUG] - Using fontManager instance from /home/danniel/.cache/matplotlib/fontlist-v390.json
cat: '/sys/devices/system/cpu/cpu*/cpufreq/scaling_governor': No such file or directory
[2026-08-15 00:34:14,582][filelock][DEBUG] - Attempting to release lock 127446191454416 on /tmp/isaaclab_app_launcher.lock
[2026-08-15 00:34:14,582][filelock][DEBUG] - Lock 127446191454416 released on /tmp/isaaclab_app_launcher.lock
[32m2026-08-15 00:34:16.380[0m | [1mINFO    [0m | [36mgear_sonic.utils.motion_lib.torch_humanoid_batch[0m:[36m<module>[0m:[36m40[0m - [1mUsing Humanoid Batch[0m
Error executing job with overrides: ['+checkpoint=/srv/sonic/ultimate-bots-G1/exports/v3/robust/evaluations/realready_final_step_000100/contexts/hardware_nominal/model_step_000100.pt', '+headless=True', '++num_envs=1', '+export_onnx_only=true']
Traceback (most recent call last):
  File "gear_sonic/eval_agent_trl.py", line 371, in main
    env = train_agent_trl.create_manager_env(config, device, args_cli)
          ^^^^^^^^^^^^^^^^^^^^^^^^^^^^^^^^^^^^^^^^^^^^^^^^^^^^^^^^^^^^
  File "/srv/sonic/GR00T-WholeBodyControl/gear_sonic/train_agent_trl.py", line 107, in create_manager_env
    env_instance_cfg = custom_instantiate(config.manager_env)
                       ^^^^^^^^^^^^^^^^^^^^^^^^^^^^^^^^^^^^^^
  File "/srv/sonic/GR00T-WholeBodyControl/gear_sonic/trl/utils/common.py", line 124, in custom_instantiate
    return _type(**d, **add_kwargs)
           ^^^^^^^^^^^^^^^^^^^^^^^^
  File "/srv/sonic/GR00T-WholeBodyControl/gear_sonic/envs/manager_env/modular_tracking_env_cfg.py", line 915, in __init__
    self._setup_from_hydra(
  File "/srv/sonic/GR00T-WholeBodyControl/gear_sonic/envs/manager_env/modular_tracking_env_cfg.py", line 947, in _setup_from_hydra
    self.rewards = common.custom_instantiate(rewards, _recursive=True)
                   ^^^^^^^^^^^^^^^^^^^^^^^^^^^^^^^^^^^^^^^^^^^^^^^^^^^
  File "/srv/sonic/GR00T-WholeBodyControl/gear_sonic/trl/utils/common.py", line 116, in custom_instantiate
    _type = import_type_from_str(d.pop("_target_"))
            ^^^^^^^^^^^^^^^^^^^^^^^^^^^^^^^^^^^^^^^
  File "/srv/sonic/GR00T-WholeBodyControl/gear_sonic/trl/utils/common.py", line 16, in import_type_from_str
    module = importlib.import_module(module_name)
             ^^^^^^^^^^^^^^^^^^^^^^^^^^^^^^^^^^^^
  File "/home/danniel/.local/share/uv/python/cpython-3.11.15-linux-x86_64-gnu/lib/python3.11/importlib/__init__.py", line 126, in import_module
    return _bootstrap._gcd_import(name[level:], package, level)
           ^^^^^^^^^^^^^^^^^^^^^^^^^^^^^^^^^^^^^^^^^^^^^^^^^^^^
  File "<frozen importlib._bootstrap>", line 1204, in _gcd_import
  File "<frozen importlib._bootstrap>", line 1176, in _find_and_load
  File "<frozen importlib._bootstrap>", line 1126, in _find_and_load_unlocked
  File "<frozen importlib._bootstrap>", line 241, in _call_with_frames_removed
  File "<frozen importlib._bootstrap>", line 1204, in _gcd_import
  File "<frozen importlib._bootstrap>", line 1176, in _find_and_load
  File "<frozen importlib._bootstrap>", line 1140, in _find_and_load_unlocked
ModuleNotFoundError: No module named 'sonic_debug'

Set the environment variable HYDRA_FULL_ERROR=1 for a complete stack trace.
Loading user config located at: '/srv/sonic/env_isaaclab/lib/python3.11/site-packages/isaacsim/kit/data/Kit/Isaac-Sim/5.1/user.config.json'

|---------------------------------------------------------------------------------------------|
| Driver Version: 580.173.02    | Graphics API: Vulkan
|=============================================================================================|
| GPU | Name                             | Active | LDA | GPU Memory | Vendor-ID | LUID       |
|     |                                  |        |     |            | Device-ID | UUID       |
|     |                                  |        |     |            | Bus-ID    |            |
|---------------------------------------------------------------------------------------------|
| 0   | NVIDIA H100 80GB HBM3            | Yes: 0 |     | 81559   MB | 10de      | 0          |
|     |                                  |        |     |            | 2330      | caddc900.. |
|     |                                  |        |     |            | 8d        |            |
|=============================================================================================|
| OS: 24.04.4 LTS (Noble Numbat) ubuntu, Version: 24.04.4, Kernel: 6.11.0-1016-nvidia
| Processor: Intel(R) Xeon(R) Platinum 8468
| Cores: 8 | Logical Cores: 16
|---------------------------------------------------------------------------------------------|
| Total Memory (MB): 201291 | Free Memory: 197455
| Total Page/Swap (MB): 0 | Free Page/Swap: 0
|---------------------------------------------------------------------------------------------|
